Addition
========

Basic addition with 32-bit integers.

+============+==============+==============+============+
| Scenario   | X            | Y            | X + Y      |
+============+==============+==============+============+
|    |   |   |  |
+------------+--------------+--------------+------------+

